// Jest Snapshot v1, https://goo.gl/fbAQLP

exports[`GameCard component renders the component with all properties 1`] = `
<div>
  <div
    class="MuiPaper-root MuiPaper-elevation MuiPaper-rounded MuiPaper-elevation1 MuiCard-root css-bhp9pd-MuiPaper-root-MuiCard-root"
  >
    <div
      class="sc-bcXHqe emzPsN"
    >
      <img
        alt=""
        class="MuiCardMedia-root MuiCardMedia-media MuiCardMedia-img css-o69gx8-MuiCardMedia-root"
        data-testid="card-media"
        src="test"
      />
    </div>
    <div
      class="MuiCardContent-root css-46bh2p-MuiCardContent-root"
    >
      <h4
        class="MuiTypography-root MuiTypography-h4 css-5lbw0b-MuiTypography-root"
      >
        <button
          class="MuiButtonBase-root MuiButton-root MuiButton-text MuiButton-textPrimary MuiButton-sizeMedium MuiButton-textSizeMedium MuiButton-root MuiButton-text MuiButton-textPrimary MuiButton-sizeMedium MuiButton-textSizeMedium css-1e6y48t-MuiButtonBase-root-MuiButton-root"
          data-testid="button-game"
          tabindex="0"
          type="button"
        >
          Test
          <span
            class="MuiTouchRipple-root css-8je8zh-MuiTouchRipple-root"
          />
        </button>
      </h4>
    </div>
  </div>
</div>
`;
